../Core/Src/main.c:123:5:main	8	static
../Core/Src/main.c:234:6:SystemClock_Config	88	static
../Core/Src/main.c:282:13:MX_I2C1_Init	8	static
../Core/Src/main.c:316:13:MX_USART2_UART_Init	8	static
../Core/Src/main.c:349:13:MX_GPIO_Init	48	static
../Core/Src/main.c:430:6:StartDefaultTask	16	static
../Core/Src/main.c:469:6:StartTask02	16	static
../Core/Src/main.c:505:6:StartRedTask	16	static
../Core/Src/main.c:529:6:StartGreenTask	16	static
../Core/Src/main.c:553:6:readsensor	16	static
../Core/Src/main.c:596:6:HAL_TIM_PeriodElapsedCallback	16	static
../Core/Src/main.c:613:6:Error_Handler	4	static,ignoring_inline_asm
